main.c:408:13:MX_GPIO_Init	56	static
main.c:388:13:MX_DMA_Init	16	static
main.c:90:6:FifoWrite	0	static
main.c:95:10:FifoRead	0	static
main.c:200:6:HAL_I2S_TxHalfCpltCallback	0	static
main.c:204:6:HAL_I2S_TxCpltCallback	0	static
main.c:208:6:HAL_I2S_RxHalfCpltCallback	0	static
main.c:212:6:HAL_I2S_RxCpltCallback	0	static
main.c:437:6:Error_Handler	0	static,ignoring_inline_asm
main.c:326:13:MX_I2S2_Init	8	static
main.c:269:13:MX_CRC_Init	8	static
main.c:294:13:MX_I2C1_Init	8	static
main.c:358:13:MX_I2S3_Init	8	static
main.c:219:6:SystemClock_Config	112	static
main.c:106:5:main	80	static
